// Jest Snapshot v1, https://goo.gl/fbAQLP

exports[`IssueList renders correctly 1`] = `
<div>
  <p
    id="issue-list-message"
  >
    No Issues Found!
  </p>
</div>
`;
