// Jest Snapshot v1, https://goo.gl/fbAQLP

exports[`QueryAllHeader renders correctly 1`] = `
<div
  className="pb-4"
>
  <QueryButton
    hasQueryRan={true}
    query={[MockFunction]}
  />
</div>
`;
