// Jest Snapshot v1, https://goo.gl/fbAQLP

exports[`ViewIssues renders correctly 1`] = `<div />`;
