// Jest Snapshot v1, https://goo.gl/fbAQLP

exports[`QueryButton renders correctly 1`] = `
<div
  className="btn btn-primary"
  id="queryButton"
  onClick={[Function]}
  style={
    Object {
      "float": "right",
    }
  }
>
  Search
</div>
`;
