// Jest Snapshot v1, https://goo.gl/fbAQLP

exports[`QueryList renders correctly 1`] = `
<div>
  <p
    id="query-list-message"
  >
    No Questions Found!
  </p>
</div>
`;
